// Jest Snapshot v1, https://goo.gl/fbAQLP

exports[`createRemotePage 1`] = `<RemotePageWrapper />`;
